// Jest Snapshot v1, https://goo.gl/fbAQLP

exports[`Component: TaskList List component snapshot testing  1`] = `
Array [
  <div
    className="container mt-3"
  >
    <h2>
      Numbered List Group
    </h2>
  </div>,
  <div
    className="container mt-3"
  >
    <ol
      className="list-group list-group-light"
    >
      <li
        className="list-group-item column-list-text d-flex justify-content-between align-items-center"
      >
        <span
          className="badge rounded-pill text-dark"
        >
          USERID
        </span>
        <div
          className="d-flex flex-column justify-content-between align-items-center"
        >
          <div
            className="fw-bold text-dark"
          >
            USERNAME/COMMENTS
          </div>
        </div>
        <span
          className="badge rounded-pill text-dark"
        >
          POSTID
        </span>
      </li>
    </ol>
  </div>,
]
`;
