// Jest Snapshot v1, https://goo.gl/fbAQLP

exports[`App component testing:-  Navbar component snapshot testing  1`] = `
<nav
  className="navbar navbar-expand-lg navbar-warning bg-warning"
>
  <div
    className="container-fluid"
  >
    <a
      className="text-sucess"
      href="https://reactjs.org"
      rel="noopener noreferrer"
      target="_blank"
    >
      Learn React
    </a>
    <button
      aria-controls="navbarSupportedContent"
      aria-expanded="false"
      aria-label="Toggle navigation"
      className="navbar-toggler"
      data-bs-target="#navbarSupportedContent"
      data-bs-toggle="collapse"
      type="button"
    >
      <span
        className="navbar-toggler-icon"
      />
    </button>
    <div
      className="collapse navbar-collapse"
      id="navbarSupportedContent"
    >
      <ul
        className="navbar-nav ms-auto mb-2 mb-lg-0"
      >
        <li
          className="nav-item"
        >
          <a
            aria-current="page"
            className="nav-link active active"
            data-testid="home"
            href="/"
            onClick={[Function]}
          >
            Home
          </a>
        </li>
        <li
          className="nav-item"
        >
          <a
            className="nav-link"
            data-testid="list"
            href="/list"
            onClick={[Function]}
          >
            List
          </a>
        </li>
        <li
          className="nav-item"
        >
          <a
            aria-current="page"
            className="nav-link active"
            data-testid="signin"
            href="/"
            onClick={[Function]}
          >
            SignIn
          </a>
        </li>
      </ul>
    </div>
  </div>
</nav>
`;
