// Jest Snapshot v1, https://goo.gl/fbAQLP

exports[`App component testing:-  Navbar component snapshot testing  1`] = `
<nav
  className="navbar navbar-expand-lg navbar-warning navbar-img rounded-3"
>
  <div
    className="container-fluid"
  >
    <a
      className="text-primary fw-bold"
      href="https://reactjs.org"
      rel="noopener noreferrer"
      style={
        Object {
          "textDecoration": "none",
        }
      }
      target="_blank"
    >
      <i
        className="bi bi-windows"
      />
       
      <strong>
        Learn React
      </strong>
    </a>
    <button
      aria-controls="navbarSupportedContent"
      aria-expanded="false"
      aria-label="Toggle navigation"
      className="navbar-toggler"
      data-bs-target="#navbarSupportedContent"
      data-bs-toggle="collapse"
      type="button"
    >
      <span
        className="navbar-toggler-icon"
      />
    </button>
    <div
      className="collapse navbar-collapse"
      id="navbarSupportedContent"
    >
      <ul
        className="navbar-nav ms-auto mb-2 mb-lg-0"
      >
        <li
          className="nav-item"
        >
          <a
            aria-current="page"
            className="nav-link fw-bold active"
            data-testid="home"
            href="/"
            onClick={[Function]}
          >
            <i
              className="bi bi-house-door-fill"
            />
            Home
          </a>
        </li>
        <li
          className="nav-item"
        >
          <a
            className="nav-link fw-bold"
            data-testid="list"
            href="/list"
            onClick={[Function]}
          >
            <i
              className="bi bi-list-stars"
            />
            List
          </a>
        </li>
        <li
          className="nav-item"
        >
          <a
            className="nav-link fw-bold"
            data-testid="signin"
            href="/signin"
            onClick={[Function]}
          >
            <i
              className="bi bi-box-arrow-in-right"
            />
            SignIn
          </a>
        </li>
        <li
          className="nav-item"
        >
          <a
            className="nav-link fw-bold"
            data-testid="signup"
            href="/signup"
            onClick={[Function]}
          >
            <i
              className="bi bi-r-circle"
            />
            Sign Up
          </a>
        </li>
        <li
          className="nav-item"
        >
          <a
            className="nav-link fw-bold"
            data-testid="feefback"
            href="/feedback"
            onClick={[Function]}
          >
            <i
              className="bi bi-r-circle"
            />
            feedback
          </a>
        </li>
        <li
          className="nav-item"
        >
          <i
            className="bi bi-person-circle nav-link fw-bold"
            title="Ramashankar Kumar"
          />
        </li>
      </ul>
    </div>
  </div>
</nav>
`;
